------------------------------------------------------------
TimeQuest Timing Analyzer Summary
------------------------------------------------------------

Type  : Slow Model Setup 'led_clk'
Slack : -2.562
TNS   : -44.451

Type  : Slow Model Setup 'clk'
Slack : -2.460
TNS   : -31.217

Type  : Slow Model Hold 'clk'
Slack : -2.590
TNS   : -2.590

Type  : Slow Model Hold 'led_clk'
Slack : 0.499
TNS   : 0.000

Type  : Slow Model Minimum Pulse Width 'clk'
Slack : -1.941
TNS   : -28.653

Type  : Slow Model Minimum Pulse Width 'led_clk'
Slack : -0.742
TNS   : -38.584

Type  : Fast Model Setup 'clk'
Slack : -0.272
TNS   : -1.071

Type  : Fast Model Setup 'led_clk'
Slack : -0.234
TNS   : -1.690

Type  : Fast Model Hold 'clk'
Slack : -1.366
TNS   : -1.366

Type  : Fast Model Hold 'led_clk'
Slack : 0.215
TNS   : 0.000

Type  : Fast Model Minimum Pulse Width 'clk'
Slack : -1.380
TNS   : -19.380

Type  : Fast Model Minimum Pulse Width 'led_clk'
Slack : -0.500
TNS   : -26.000

------------------------------------------------------------
